Loading required package: shiny
Warning: package 'shiny' was built under R version 4.5.2

Listening on http://127.0.0.1:4242
Warning: No trace type specified and no positional attributes specified
No trace type specified:
  Based on info supplied, a 'scatter' trace seems appropriate.
  Read more about this trace type -> https://plotly.com/r/reference/#scatter
No scatter mode specifed:
  Setting the mode to markers
  Read more about this attribute -> https://plotly.com/r/reference/#scatter-mode
Warning: Ignoring 2 observations
Warning: Ignoring 3 observations
Warning: Ignoring 2 observations
Warning: Ignoring 4 observations
Warning: Ignoring 4 observations
Warning: Ignoring 2 observations
Warning: Ignoring 4 observations
Warning: Ignoring 2 observations
Warning: Ignoring 4 observations
Warning: Ignoring 2 observations
Warning: Ignoring 4 observations
Warning: Ignoring 3 observations
Warning: Ignoring 2 observations
Warning: Ignoring 2 observations
Warning: Ignoring 4 observations
